
> frontend@0.1.0 build
> next build

node.exe : ÔÜá Warning: Next.js inferred your workspace 
root, but it may not be correct.
At C:\Program Files\nodejs\npm.ps1:29 char:3
+   & $NODE_EXE $NPM_CLI_JS $args
+   ~~~~~~~~~~~~~~~~~~~~~~~~~~~~~
    + CategoryInfo          : NotSpecified: (ÔÜá Warnin 
   g: Ne...not be correct.:String) [], RemoteException
    + FullyQualifiedErrorId : NativeCommandError
 
 We detected multiple lockfiles and selected the 
directory of C:\Users\IMAOBONG\VelumX\package-lock.json 
as the root directory.
 To silence this warning, set `turbopack.root` in your 
Next.js config, or consider removing one of the 
lockfiles if it's not needed.
   See https://nextjs.org/docs/app/api-reference/config/
next-config-js/turbopack#root-directory for more 
information.
 Detected additional lockfiles: 
   * C:\Users\IMAOBONG\VelumX\frontend\package-lock.json

Ôû▓ Next.js 16.1.3 (Turbopack)
- Environments: .env.local

  Creating an optimized production build ...
Ô£ô Compiled successfully in 12.4s
  Running TypeScript ...
Failed to compile.

./components/LiquidityInterface.tsx:601:18
Type error: Cannot find name 'gasFee'.

[0m [90m 599 |[39m           
uintCV([33mNumber[39m(minAmountAMicro))[33m,[39m
 [90m 600 |[39m           
uintCV([33mNumber[39m(minAmountBMicro))[33m,[39m
[31m[1m>[22m[39m[90m 601 |[39m           
uintCV(gasFee)[33m,[39m
 [90m     |[39m                  [31m[1m^[22m[39m
 [90m 602 |[39m         ][33m;[39m
 [90m 603 |[39m       } [36melse[39m {
 [90m 604 |[39m         functionName [33m=[39m 
[32m'add-liquidity'[39m[33m;[39m[0m
Next.js build worker exited with code: 1 and signal: 
null
