
[1m[46m RUN [49m[22m [36mv4.0.17 [39m[90mC:/Users/IMAOBONG/VelumX/backend[39m

 [31mÔØ»[39m src/__tests__/routes/paymaster.test.ts [2m([22m[2m28 tests[22m[2m | [22m[31m1 failed[39m[2m)[22m[32m 261[2mms[22m[39m
       [32mÔ£ô[39m should return fee estimate for valid request[32m 68[2mms[22m[39m
       [32mÔ£ô[39m should return 400 when estimatedGasInStx is missing[32m 9[2mms[22m[39m
       [32mÔ£ô[39m should return 400 when estimatedGasInStx is zero[32m 8[2mms[22m[39m
       [32mÔ£ô[39m should return 400 when estimatedGasInStx is negative[32m 7[2mms[22m[39m
       [32mÔ£ô[39m should handle very large gas amounts[32m 8[2mms[22m[39m
       [32mÔ£ô[39m should return 500 on service error[32m 7[2mms[22m[39m
       [32mÔ£ô[39m should convert bigint values to strings in response[32m 7[2mms[22m[39m
       [32mÔ£ô[39m should sponsor transaction when user has sufficient balance[32m 7[2mms[22m[39m
       [32mÔ£ô[39m should return 400 when transaction is missing[32m 10[2mms[22m[39m
       [32mÔ£ô[39m should return 400 when userAddress is missing[32m 7[2mms[22m[39m
       [32mÔ£ô[39m should return 400 when estimatedFee is missing[32m 5[2mms[22m[39m
       [32mÔ£ô[39m should return 400 when user has insufficient balance[32m 6[2mms[22m[39m
       [32mÔ£ô[39m should return 503 when relayer balance is too low[32m 6[2mms[22m[39m
[31m       [31m├ù[31m should return 500 on other service errors[39m[32m 15[2mms[22m[39m
       [32mÔ£ô[39m should handle very large fee amounts[32m 6[2mms[22m[39m
       [32mÔ£ô[39m should validate balance before sponsoring[32m 7[2mms[22m[39m
       [32mÔ£ô[39m should return current exchange rates[32m 9[2mms[22m[39m
       [32mÔ£ô[39m should return 500 on service error[32m 5[2mms[22m[39m
       [32mÔ£ô[39m should include all required rate fields[32m 6[2mms[22m[39m
       [32mÔ£ô[39m should handle cached rates[32m 5[2mms[22m[39m
       [32mÔ£ô[39m should include timestamp in all responses[32m 6[2mms[22m[39m
       [32mÔ£ô[39m should log errors appropriately[32m 5[2mms[22m[39m
       [32mÔ£ô[39m should differentiate between balance and service errors[32m 9[2mms[22m[39m
       [32mÔ£ô[39m should handle malformed JSON[32m 8[2mms[22m[39m
       [32mÔ£ô[39m should handle non-numeric estimatedGasInStx[32m 6[2mms[22m[39m
       [32mÔ£ô[39m should handle empty request body[32m 5[2mms[22m[39m
       [32mÔ£ô[39m should return consistent success response format[32m 5[2mms[22m[39m
       [32mÔ£ô[39m should return consistent error response format[32m 6[2mms[22m[39m
node.exe : 
At C:\Program Files\no
dejs\npx.ps1:29 char:3
+   & $NODE_EXE 
$NPX_CLI_JS $args
+   ~~~~~~~~~~~~~~~~~~
~~~~~~~~~~~
    + CategoryInfo    
          : NotSpeci  
  fied: (:String) [   
 ], RemoteExceptio    
n
    + FullyQualifiedE 
   rrorId : NativeCo  
  mmandError
 
[31mÔÄ»ÔÄ»ÔÄ»ÔÄ»ÔÄ»ÔÄ
»ÔÄ»[39m[1m[41m 
Failed Tests 1 [49m[
22m[31mÔÄ»ÔÄ»ÔÄ»ÔÄ»ÔÄ
»ÔÄ»ÔÄ»[39m

[41m[1m FAIL 
[22m[49m src/__tests
__/routes/paymaster.te
st.ts[2m > 
[22mPaymaster API 
Routes[2m > 
[22mPOST /api/paymast
er/sponsor[2m > 
[22mshould return 
500 on other service 
errors
[31m[1mAssertionErro
r[22m: expected { 
Object (error, 
message, ...) } to 
match object { Object 
(error, message) }
(1 matching property 
omitted from 
actual)[39m

[32m- Expected[39m
[31m+ Received[39m

[2m  {[22m
[2m    "error": 
"Internal Server 
Error",[22m
[32m-   "message": 
"Failed to sponsor 
transaction",[39m
[31m+   "message": 
"Network error",[39m
[2m  }[22m

[36m [2mÔØ»[22m src
/__tests__/routes/paym
aster.test.ts:[2m292:
29[22m[39m
    [90m290| [39m   
     [33m.[39m[34me
xpect[39m([34m500[3
9m)[33m;[39m
    [90m291| [39m
    [90m292| [39m   
   [34mexpect[39m(re
sponse[33m.[39mbody)
[33m.[39m[34mtoMatc
hObject[39m({
    [90m   | [39m   
                      
   [31m^[39m
    [90m293| [39m   
     error[33m:[39m 
[32m'Internal Server 
Error'[39m[33m,[39m
    [90m294| [39m   
     
message[33m:[39m 
[32m'Failed to 
sponsor transaction'[
39m[33m,[39m

[31m[2mÔÄ»ÔÄ»ÔÄ»ÔÄ»Ô
Ä»ÔÄ»ÔÄ»ÔÄ»ÔÄ»ÔÄ»ÔÄ»ÔÄ
»ÔÄ»ÔÄ»ÔÄ»ÔÄ»ÔÄ»ÔÄ»ÔÄ»
ÔÄ»ÔÄ»ÔÄ»ÔÄ»ÔÄ»[1/1]ÔÄ
»[22m[39m


[2m Test Files [22m [1m[31m1 failed[39m[22m[90m (1)[39m
[2m      Tests [22m [1m[31m1 failed[39m[22m[2m | [22m[1m[32m27 passed[39m[22m[90m (28)[39m
[2m   Start at [22m 12:10:55
[2m   Duration [22m 1.20s[2m (transform 271ms, setup 0ms, import 596ms, tests 261ms, environment 0ms)[22m

